
/home/runner/work/exp-viterbi-decoding-iiith/exp-viterbi-decoding-iiith/experiment/simulation/js/jquery-1.7.1.min.js
  2:820    warning  Empty block statement                                            no-empty
  2:877    warning  Empty block statement                                            no-empty
  2:4720   warning  'b' is defined but never used                                    no-unused-vars
  2:5126   warning  'd' is defined but never used                                    no-unused-vars
  2:5302   warning  'd' is defined but never used                                    no-unused-vars
  2:6027   warning  Empty block statement                                            no-empty
  2:6428   warning  Unnecessary escape character: \-                                 no-useless-escape
  2:6523   warning  Unnecessary escape character: \/                                 no-useless-escape
  2:6608   warning  Unnecessary escape character: \-                                 no-useless-escape
  2:6658   warning  Unnecessary escape character: \/                                 no-useless-escape
  2:6697   warning  Unnecessary escape character: \/                                 no-useless-escape
  2:10196  warning  Empty block statement                                            no-empty
  2:11255  warning  'ActiveXObject' is not defined                                   no-undef
  2:14574  warning  'i' is defined but never used                                    no-unused-vars
  2:16984  warning  'h' is assigned a value but never used                           no-unused-vars
  2:17279  warning  'm' is defined but never used                                    no-unused-vars
  2:17312  warning  'r' is assigned a value but never used                           no-unused-vars
  2:19399  warning  'g' is defined but never used                                    no-unused-vars
  2:21309  warning  Redundant double negation                                        no-extra-boolean-cast
  2:21836  warning  Redundant double negation                                        no-extra-boolean-cast
  2:24565  warning  'c' is assigned a value but never used                           no-unused-vars
  2:24675  warning  Expected a conditional expression and instead saw an assignment  no-cond-assign
  2:25416  warning  Empty block statement                                            no-empty
  2:26513  warning  Expected a conditional expression and instead saw an assignment  no-cond-assign
  2:26963  warning  Redundant double negation                                        no-extra-boolean-cast
  2:31862  warning  Unnecessary escape character: \.                                 no-useless-escape
  2:31999  warning  Unnecessary escape character: \-                                 no-useless-escape
  2:32015  warning  Unnecessary escape character: \-                                 no-useless-escape
  3:56     warning  'q' is defined but never used                                    no-unused-vars
  3:3638   warning  't' is defined but never used                                    no-unused-vars
  3:7367   warning  'g' is assigned a value but never used                           no-unused-vars
  3:11980  warning  Unnecessary escape character: \[                                 no-useless-escape
  3:12006  warning  Unnecessary escape character: \[                                 no-useless-escape
  3:12031  warning  Unnecessary escape character: \[                                 no-useless-escape
  3:13787  warning  Expected a conditional expression and instead saw an assignment  no-cond-assign
  3:15016  warning  Expected a conditional expression and instead saw an assignment  no-cond-assign
  3:15136  warning  Unnecessary escape character: \-                                 no-useless-escape
  3:15177  warning  Unnecessary escape character: \-                                 no-useless-escape
  3:15227  warning  Unnecessary escape character: \-                                 no-useless-escape
  3:15277  warning  Unnecessary escape character: \-                                 no-useless-escape
  3:15341  warning  Unnecessary escape character: \-                                 no-useless-escape
  3:15388  warning  Unnecessary escape character: \*                                 no-useless-escape
  3:15390  warning  Unnecessary escape character: \-                                 no-useless-escape
  3:15460  warning  Unnecessary escape character: \-                                 no-useless-escape
  3:15473  warning  Unnecessary escape character: \-                                 no-useless-escape
  3:15491  warning  Unnecessary escape character: \-                                 no-useless-escape
  3:15572  warning  Unnecessary escape character: \-                                 no-useless-escape
  3:15609  warning  Unnecessary escape character: \-                                 no-useless-escape
  3:15639  warning  Unnecessary escape character: \)                                 no-useless-escape
  3:15648  warning  Unnecessary escape character: \(                                 no-useless-escape
  3:15650  warning  Unnecessary escape character: \)                                 no-useless-escape
  3:15970  warning  Expected a conditional expression and instead saw an assignment  no-cond-assign
  3:17350  warning  'b' is defined but never used                                    no-unused-vars
  3:17505  warning  Unnecessary escape character: \-                                 no-useless-escape
  3:20157  warning  'h' is defined but never used                                    no-unused-vars
  3:20213  warning  Expected a conditional expression and instead saw an assignment  no-cond-assign
  3:20288  warning  Expected a 'break' statement before 'case'                       no-fallthrough
  3:20305  warning  Expected a conditional expression and instead saw an assignment  no-cond-assign
  3:21442  warning  Unnecessary escape character: \[                                 no-useless-escape
  3:21454  warning  Unnecessary escape character: \(                                 no-useless-escape
  3:23990  warning  Unnecessary escape character: \-                                 no-useless-escape
  3:24003  warning  Unnecessary escape character: \-                                 no-useless-escape
  3:24412  warning  Empty block statement                                            no-empty
  3:24694  warning  Empty block statement                                            no-empty
  3:25075  warning  Unnecessary escape character: \=                                 no-useless-escape
  3:25256  warning  Empty block statement                                            no-empty
  3:26114  warning  Expected a conditional expression and instead saw an assignment  no-cond-assign
  3:26509  warning  Unnecessary escape character: \[                                 no-useless-escape
  3:26511  warning  Unnecessary escape character: \.                                 no-useless-escape
  3:29597  warning  'd' is defined but never used                                    no-unused-vars
  3:30269  warning  Unnecessary escape character: \-                                 no-useless-escape
  3:30271  warning  Unnecessary escape character: \-                                 no-useless-escape
  4:5068   warning  Unnecessary escape character: \-                                 no-useless-escape
  4:5076   warning  Unnecessary escape character: \-                                 no-useless-escape
  4:6100   warning  Empty block statement                                            no-empty
  4:8493   warning  Unnecessary escape character: \-                                 no-useless-escape
  4:8505   warning  Unnecessary escape character: \-                                 no-useless-escape
  4:8697   warning  Unnecessary escape character: \+                                 no-useless-escape
  4:8699   warning  Unnecessary escape character: \.                                 no-useless-escape
  4:8701   warning  Unnecessary escape character: \-                                 no-useless-escape
  4:8717   warning  Unnecessary escape character: \/                                 no-useless-escape
  4:9799   warning  'c' is defined but never used                                    no-unused-vars
  4:11116  warning  Expected a conditional expression and instead saw an assignment  no-cond-assign
  4:11178  warning  Expected a conditional expression and instead saw an assignment  no-cond-assign
  4:12065  warning  Expected a conditional expression and instead saw an assignment  no-cond-assign
  4:14424  warning  Unnecessary escape character: \=                                 no-useless-escape
  4:16789  warning  Empty block statement                                            no-empty
  4:17420  warning  Unnecessary escape character: \-                                 no-useless-escape
  4:17432  warning  Unnecessary escape character: \-                                 no-useless-escape
  4:24520  warning  Empty block statement                                            no-empty
  4:25630  warning  'e' is assigned a value but never used                           no-unused-vars
  4:28559  warning  'define' is not defined                                          no-undef
  4:28571  warning  'define' is not defined                                          no-undef
  4:28590  warning  'define' is not defined                                          no-undef

/home/runner/work/exp-viterbi-decoding-iiith/exp-viterbi-decoding-iiith/experiment/simulation/js/main.js
   38:10  warning  'showTestSentenceInfo' is defined but never used    no-unused-vars
   63:3   warning  '$' is not defined                                  no-undef
   66:3   warning  '$' is not defined                                  no-undef
   69:3   warning  '$' is not defined                                  no-undef
   72:3   warning  '$' is not defined                                  no-undef
   84:6   warning  '$' is not defined                                  no-undef
   89:3   warning  '$' is not defined                                  no-undef
   90:5   warning  '$' is not defined                                  no-undef
   94:3   warning  '$' is not defined                                  no-undef
   97:3   warning  '$' is not defined                                  no-undef
  177:1   warning  '$' is not defined                                  no-undef
  187:3   warning  '$' is not defined                                  no-undef
  189:19  warning  '$' is not defined                                  no-undef
  191:39  warning  'idx' is defined but never used                     no-unused-vars
  198:5   warning  '$' is not defined                                  no-undef
  199:5   warning  '$' is not defined                                  no-undef
  202:5   warning  '$' is not defined                                  no-undef
  203:5   warning  '$' is not defined                                  no-undef
  204:5   warning  '$' is not defined                                  no-undef
  205:5   warning  '$' is not defined                                  no-undef
  206:5   warning  '$' is not defined                                  no-undef
  215:24  warning  '$' is not defined                                  no-undef
  217:9   warning  '$' is not defined                                  no-undef
  218:9   warning  '$' is not defined                                  no-undef
  219:9   warning  '$' is not defined                                  no-undef
  220:9   warning  '$' is not defined                                  no-undef
  221:9   warning  '$' is not defined                                  no-undef
  222:9   warning  '$' is not defined                                  no-undef
  223:9   warning  '$' is not defined                                  no-undef
  233:7   warning  '$' is not defined                                  no-undef
  234:7   warning  '$' is not defined                                  no-undef
  236:7   warning  '$' is not defined                                  no-undef
  242:11  warning  '$' is not defined                                  no-undef
  259:11  warning  '$' is not defined                                  no-undef
  260:11  warning  '$' is not defined                                  no-undef
  263:11  warning  '$' is not defined                                  no-undef
  264:11  warning  '$' is not defined                                  no-undef
  265:11  warning  '$' is not defined                                  no-undef
  312:9   warning  'sentenceWords' is assigned a value but never used  no-unused-vars
  346:5   warning  'currentCorpus' is assigned a value but never used  no-unused-vars
  348:5   warning  'currentTurn' is assigned a value but never used    no-unused-vars
  376:3   warning  '$' is not defined                                  no-undef
  453:3   warning  '$' is not defined                                  no-undef
  460:7   warning  'feedback' is assigned a value but never used       no-unused-vars
  462:7   warning  'checkDisabled' is assigned a value but never used  no-unused-vars
  487:3   warning  '$' is not defined                                  no-undef
  496:5   warning  '$' is not defined                                  no-undef
  500:9   warning  '$' is not defined                                  no-undef
  505:5   warning  '$' is not defined                                  no-undef
  509:5   warning  '$' is not defined                                  no-undef
  513:9   warning  '$' is not defined                                  no-undef
  518:9   warning  '$' is not defined                                  no-undef
  519:9   warning  '$' is not defined                                  no-undef
  522:5   warning  '$' is not defined                                  no-undef
  525:3   warning  '$' is not defined                                  no-undef
  529:7   warning  '$' is not defined                                  no-undef
  530:7   warning  '$' is not defined                                  no-undef
  532:7   warning  '$' is not defined                                  no-undef
  535:19  warning  '$' is not defined                                  no-undef
  537:5   warning  '$' is not defined                                  no-undef
  540:20  warning  '$' is not defined                                  no-undef
  542:19  warning  '$' is not defined                                  no-undef
  544:5   warning  '$' is not defined                                  no-undef
  546:9   warning  '$' is not defined                                  no-undef
  550:21  warning  '$' is not defined                                  no-undef
  551:21  warning  '$' is not defined                                  no-undef
  558:23  warning  '$' is not defined                                  no-undef
  569:5   warning  '$' is not defined                                  no-undef
  577:9   warning  '$' is not defined                                  no-undef
  578:21  warning  '$' is not defined                                  no-undef
  579:21  warning  '$' is not defined                                  no-undef
  580:15  warning  '$' is not defined                                  no-undef
  584:21  warning  '$' is not defined                                  no-undef
  589:11  warning  '$' is not defined                                  no-undef
  608:11  warning  '$' is not defined                                  no-undef
  612:11  warning  '$' is not defined                                  no-undef
  621:11  warning  '$' is not defined                                  no-undef
  624:11  warning  '$' is not defined                                  no-undef
  625:11  warning  '$' is not defined                                  no-undef
  626:11  warning  '$' is not defined                                  no-undef
  627:11  warning  '$' is not defined                                  no-undef
  629:11  warning  '$' is not defined                                  no-undef
  634:11  warning  '$' is not defined                                  no-undef
  638:5   warning  '$' is not defined                                  no-undef
  664:3   warning  '$' is not defined                                  no-undef
  666:3   warning  '$' is not defined                                  no-undef
  693:5   warning  '$' is not defined                                  no-undef
  765:3   warning  '$' is not defined                                  no-undef
  818:3   warning  '$' is not defined                                  no-undef
  832:3   warning  '$' is not defined                                  no-undef
  835:3   warning  '$' is not defined                                  no-undef
  836:24  warning  '$' is not defined                                  no-undef
  839:5   warning  '$' is not defined                                  no-undef
  842:5   warning  '$' is not defined                                  no-undef
  845:5   warning  '$' is not defined                                  no-undef
  848:5   warning  '$' is not defined                                  no-undef
  853:1   warning  '$' is not defined                                  no-undef

/home/runner/work/exp-viterbi-decoding-iiith/exp-viterbi-decoding-iiith/experiment/simulation/js/modernizr-1.5.min.js
  12:496  warning  Expected a conditional expression and instead saw an assignment  no-cond-assign
  20:134  warning  Unexpected constant condition                                    no-constant-condition
  25:51   warning  Expected a conditional expression and instead saw an assignment  no-cond-assign

✖ 194 problems (0 errors, 194 warnings)
  0 errors and 3 warnings potentially fixable with the `--fix` option.

